[lingering-paper-4182.animaapp.io/desktop-1440792f.html]
[animaproject.s3.amazonaws.com/home/favicon.png]
[animaapp.s3.amazonaws.com/js/typescript/jquery/3.2.0/jquery.js]
[lingering-paper-4182.animaapp.io/hotspots.js]
[animaapp.s3.amazonaws.com/js/timeline.js]
[cdnjs.cloudflare.com/ajax/libs/meyer-reset/2.0/reset.min.css]
[backblue.gif]
[fade.gif]
[index.html]
[cdn.animaapp.com/projects/6072190e1cbf6753a27ce1f5/releases/62b6e7e733557fdd448b3102/img/logo-3@2x.png]
[cdn.animaapp.com/projects/6072190e1cbf6753a27ce1f5/releases/62b6e7e733557fdd448b3102/img/photo-2022-05-04-23-53-05-1@1x.png]
[cdn.animaapp.com/projects/6072190e1cbf6753a27ce1f5/releases/62b6e7e733557fdd448b3102/img/photo-2022-05-04-23-53-10-1@2x.png]
[cdn.animaapp.com/projects/6072190e1cbf6753a27ce1f5/releases/62b6e7e733557fdd448b3102/img/photo-2022-05-04-23-53-13-1@2x.png]
[cdn.animaapp.com/projects/6072190e1cbf6753a27ce1f5/releases/62b6e7e733557fdd448b3102/img/photo-2022-05-04-23-52-36-1@2x.png]
[cdn.animaapp.com/projects/6072190e1cbf6753a27ce1f5/releases/62b6e7e733557fdd448b3102/img/photo-2022-05-04-23-53-02-1@2x.png]
[animaapp.s3.amazonaws.com/js/free-website-banner-anima-5.min.js]
[lingering-paper-4182.animaapp.io/desktop-1440792f.html]
[lingering-paper-4182.animaapp.io/overrides.html]
[cdnjs.cloudflare.com/ajax/libs/meyer-reset/2.0/reset.min.css]
[px.animaapp.com/607217ce018db5cba1c2579b.607217d017a50b8a6cb86007.pos9P0h.hch.png]
[animaapp.s3.amazonaws.com/static/restart-btn.min.js]
